// Vitest Snapshot v1, https://vitest.dev/guide/snapshot.html

exports[`basic table snapshot 1`] = `
<div
  class="relative w-full overflow-x-auto"
>
  <table
    class="w-full caption-bottom text-sm text-foreground"
    data-sticky-header="true"
  >
    <caption
      class="mt-4 text-sm text-muted-foreground"
    >
      Team assignments
    </caption>
    <thead
      class="[&_tr]:border-b sticky top-0 z-10 bg-background/95"
      data-sticky="true"
    >
      <tr
        class="border-b border-border/60 transition-colors hover:bg-muted/50"
      >
        <th
          class="h-11 px-3 text-left align-middle text-xs font-semibold text-muted-foreground"
        >
          Nhân sự
        </th>
        <th
          class="h-11 px-3 align-middle text-xs font-semibold text-muted-foreground text-right"
        >
          Ca
        </th>
      </tr>
    </thead>
    <tbody
      class="[&_tr:last-child]:border-b-0"
    >
      <tr
        class="border-b border-border/60 transition-colors hover:bg-muted/50"
      >
        <td
          class="p-3 align-middle text-sm"
        >
          Nguyễn Văn A
        </td>
        <td
          class="p-3 align-middle text-sm text-right"
        >
          CA1
        </td>
      </tr>
      <tr
        class="border-b border-border/60 transition-colors hover:bg-muted/50"
      >
        <td
          class="p-3 align-middle text-sm"
        >
          Trần Thị B
        </td>
        <td
          class="p-3 align-middle text-sm text-right"
        >
          CA2
        </td>
      </tr>
    </tbody>
    <tfoot
      class="bg-muted/60 font-medium text-foreground"
    >
      <tr
        class="border-b border-border/60 transition-colors hover:bg-muted/50"
      >
        <td
          class="p-3 align-middle text-sm"
        >
          Tổng
        </td>
        <td
          class="p-3 align-middle text-sm text-right"
        >
          2 ca
        </td>
      </tr>
    </tfoot>
  </table>
</div>
`;
